../Core/Src/main.c:99:5:main	8	static
../Core/Src/main.c:166:6:SystemClock_Config	88	static
../Core/Src/main.c:213:13:MX_TIM6_Init	24	static
../Core/Src/main.c:251:13:MX_TIM16_Init	8	static
../Core/Src/main.c:287:13:MX_TIM17_Init	8	static
../Core/Src/main.c:319:13:MX_USART2_UART_Init	8	static
../Core/Src/main.c:365:13:MX_DMA_Init	16	static
../Core/Src/main.c:387:13:MX_GPIO_Init	48	static
../Core/Src/main.c:424:6:HAL_TIM_PeriodElapsedCallback	16	static
../Core/Src/main.c:434:6:Heartbeat	4	static
../Core/Src/main.c:441:6:Routine	4	static
../Core/Src/main.c:460:6:check_vaccum_status	4	static
../Core/Src/main.c:475:6:check_gripper_status	4	static
../Core/Src/main.c:490:6:set_shelf	4	static
../Core/Src/main.c:519:6:Pointmode	4	static
../Core/Src/main.c:540:6:Home	4	static
../Core/Src/main.c:558:6:Run_jog	4	static
../Core/Src/main.c:582:6:Error_Handler	4	static,ignoring_inline_asm
